Release 14.7 - xst P.20131013 (nt64)
Copyright (c) 1995-2013 Xilinx, Inc.  All rights reserved.
--> Parameter TMPDIR set to xst/projnav.tmp


Total REAL time to Xst completion: 0.00 secs
Total CPU time to Xst completion: 0.15 secs
 
--> Parameter xsthdpdir set to xst


Total REAL time to Xst completion: 0.00 secs
Total CPU time to Xst completion: 0.15 secs
 
--> Reading design: pipelined_regfile_3stage.prj

TABLE OF CONTENTS
  1) Synthesis Options Summary
  2) HDL Parsing
  3) HDL Elaboration
  4) HDL Synthesis
       4.1) HDL Synthesis Report
  5) Advanced HDL Synthesis
       5.1) Advanced HDL Synthesis Report
  6) Low Level Synthesis
  7) Partition Report
  8) Design Summary
       8.1) Primitive and Black Box Usage
       8.2) Device utilization summary
       8.3) Partition Resource Summary
       8.4) Timing Report
            8.4.1) Clock Information
            8.4.2) Asynchronous Control Signals Information
            8.4.3) Timing Summary
            8.4.4) Timing Details
            8.4.5) Cross Clock Domains Report


=========================================================================
*                      Synthesis Options Summary                        *
=========================================================================
---- Source Parameters
Input File Name                    : "pipelined_regfile_3stage.prj"
Ignore Synthesis Constraint File   : NO

---- Target Parameters
Output File Name                   : "pipelined_regfile_3stage"
Output Format                      : NGC
Target Device                      : xc6slx4-3-csg225

---- Source Options
Top Module Name                    : pipelined_regfile_3stage
Automatic FSM Extraction           : YES
FSM Encoding Algorithm             : Auto
Safe Implementation                : No
FSM Style                          : LUT
RAM Extraction                     : Yes
RAM Style                          : Auto
ROM Extraction                     : Yes
Shift Register Extraction          : YES
ROM Style                          : Auto
Resource Sharing                   : YES
Asynchronous To Synchronous        : NO
Shift Register Minimum Size        : 2
Use DSP Block                      : Auto
Automatic Register Balancing       : No

---- Target Options
LUT Combining                      : Auto
Reduce Control Sets                : Auto
Add IO Buffers                     : YES
Global Maximum Fanout              : 100000
Add Generic Clock Buffer(BUFG)     : 16
Register Duplication               : YES
Optimize Instantiated Primitives   : NO
Use Clock Enable                   : Auto
Use Synchronous Set                : Auto
Use Synchronous Reset              : Auto
Pack IO Registers into IOBs        : Auto
Equivalent register Removal        : YES

---- General Options
Optimization Goal                  : Speed
Optimization Effort                : 1
Power Reduction                    : NO
Keep Hierarchy                     : No
Netlist Hierarchy                  : As_Optimized
RTL Output                         : Yes
Global Optimization                : AllClockNets
Read Cores                         : YES
Write Timing Constraints           : NO
Cross Clock Analysis               : NO
Hierarchy Separator                : /
Bus Delimiter                      : <>
Case Specifier                     : Maintain
Slice Utilization Ratio            : 100
BRAM Utilization Ratio             : 100
DSP48 Utilization Ratio            : 100
Auto BRAM Packing                  : NO
Slice Utilization Ratio Delta      : 5

=========================================================================


=========================================================================
*                          HDL Parsing                                  *
=========================================================================
Analyzing Verilog file "C:\Users\bobbyranjan\Desktop\CE3001_Lab3\CE3001_Lab3\regfile.v" into library work
Parsing verilog file "define.v" included at line 2.
Parsing module <regfile>.
Analyzing Verilog file "C:\Users\bobbyranjan\Desktop\CE3001_Lab3\CE3001_Lab3\PC.v" into library work
Parsing verilog file "define.v" included at line 1.
Parsing module <PC1>.
Analyzing Verilog file "C:\Users\bobbyranjan\Desktop\CE3001_Lab3\CE3001_Lab3\memory.v" into library work
Parsing verilog file "define.v" included at line 1.
Parsing module <memory>.
Analyzing Verilog file "C:\Users\bobbyranjan\Desktop\CE3001_Lab3\CE3001_Lab3\ID_EXEstage.v" into library work
Parsing verilog file "define.v" included at line 1.
Parsing module <ID_EXE_stage>.
Analyzing Verilog file "C:\Users\bobbyranjan\Desktop\CE3001_Lab3\CE3001_Lab3\control.v" into library work
Parsing verilog file "define.v" included at line 3.
Parsing module <control>.
Analyzing Verilog file "C:\Users\bobbyranjan\Desktop\CE3001_Lab3\CE3001_Lab3\alu.v" into library work
Parsing verilog file "define.v" included at line 1.
Parsing module <alu>.
Analyzing Verilog file "C:\Users\bobbyranjan\Desktop\CE3001_Lab3\CE3001_Lab3\pipelined_regfile_3stage.v" into library work
Parsing verilog file "define.v" included at line 2.
Parsing module <pipelined_regfile_3stage>.

=========================================================================
*                            HDL Elaboration                            *
=========================================================================

Elaborating module <pipelined_regfile_3stage>.

Elaborating module <PC1>.

Elaborating module <memory>.
"C:\Users\bobbyranjan\Desktop\CE3001_Lab3\CE3001_Lab3\memory.v" Line 47. $write Opening Fileid 0\n
WARNING:HDLCompiler:816 - "C:\Users\bobbyranjan\Desktop\CE3001_Lab3\CE3001_Lab3\memory.v" Line 49: System function call feof not supported
WARNING:HDLCompiler:817 - "C:\Users\bobbyranjan\Desktop\CE3001_Lab3\CE3001_Lab3\memory.v" Line 62: System task fclose ignored for synthesis

Elaborating module <control>.

Elaborating module <regfile>.

Elaborating module <ID_EXE_stage>.

Elaborating module <alu>.

=========================================================================
*                           HDL Synthesis                               *
=========================================================================

Synthesizing Unit <pipelined_regfile_3stage>.
    Related source file is "C:\Users\bobbyranjan\Desktop\CE3001_Lab3\CE3001_Lab3\pipelined_regfile_3stage.v".
WARNING:Xst:647 - Input <fileid> is never used. This port will be preserved and left unconnected if it belongs to a top-level block or it belongs to a sub-block and the hierarchy of this sub-block is preserved.
    Found 32-bit adder for signal <PCIN> created at line 32.
    Summary:
	inferred   1 Adder/Subtractor(s).
	inferred   1 Multiplexer(s).
Unit <pipelined_regfile_3stage> synthesized.

Synthesizing Unit <PC1>.
    Related source file is "C:\Users\bobbyranjan\Desktop\CE3001_Lab3\CE3001_Lab3\PC.v".
    Found 32-bit register for signal <currPC>.
    Summary:
	inferred  32 D-type flip-flop(s).
Unit <PC1> synthesized.

Synthesizing Unit <memory>.
    Related source file is "C:\Users\bobbyranjan\Desktop\CE3001_Lab3\CE3001_Lab3\memory.v".
WARNING:Xst:647 - Input <fileid> is never used. This port will be preserved and left unconnected if it belongs to a top-level block or it belongs to a sub-block and the hierarchy of this sub-block is preserved.
    Found 1024x32-bit dual-port RAM <Mram_memory> for signal <memory>.
    Found 10-bit register for signal <addr_r<9:0>>.
    Summary:
	inferred   1 RAM(s).
	inferred  10 D-type flip-flop(s).
Unit <memory> synthesized.

Synthesizing Unit <control>.
    Related source file is "C:\Users\bobbyranjan\Desktop\CE3001_Lab3\CE3001_Lab3\control.v".
    Summary:
	no macro.
Unit <control> synthesized.

Synthesizing Unit <regfile>.
    Related source file is "C:\Users\bobbyranjan\Desktop\CE3001_Lab3\CE3001_Lab3\regfile.v".
    Found 1024-bit register for signal <n0052>.
    Found 32-bit 32-to-1 multiplexer for signal <waddr[4]_regdata[31][31]_wide_mux_2_OUT> created at line 46.
    Found 32-bit 32-to-1 multiplexer for signal <raddr1[4]_regdata[31][31]_wide_mux_40_OUT> created at line 49.
    Found 32-bit 32-to-1 multiplexer for signal <raddr2[4]_regdata[31][31]_wide_mux_43_OUT> created at line 51.
    Found 5-bit comparator equal for signal <waddr[4]_raddr1[4]_equal_40_o> created at line 49
    Found 5-bit comparator equal for signal <waddr[4]_raddr2[4]_equal_43_o> created at line 51
    Summary:
	inferred 1024 D-type flip-flop(s).
	inferred   2 Comparator(s).
	inferred  38 Multiplexer(s).
Unit <regfile> synthesized.

Synthesizing Unit <ID_EXE_stage>.
    Related source file is "C:\Users\bobbyranjan\Desktop\CE3001_Lab3\CE3001_Lab3\ID_EXEstage.v".
    Found 32-bit register for signal <rdata1_out>.
    Found 32-bit register for signal <rdata2_out>.
    Found 32-bit register for signal <imm_out>.
    Found 3-bit register for signal <opcode_out>.
    Found 1-bit register for signal <alusrc_out>.
    Found 5-bit register for signal <waddr_out>.
    Summary:
	inferred 105 D-type flip-flop(s).
Unit <ID_EXE_stage> synthesized.

Synthesizing Unit <alu>.
    Related source file is "C:\Users\bobbyranjan\Desktop\CE3001_Lab3\CE3001_Lab3\alu.v".
    Found 32-bit subtractor for signal <a[31]_b[31]_sub_2_OUT> created at line 24.
    Found 32-bit adder for signal <a[31]_b[31]_add_6_OUT> created at line 29.
    Found 32x32-bit multiplier for signal <n0015> created at line 28.
    Found 32-bit 8-to-1 multiplexer for signal <out> created at line 22.
    Found 32-bit comparator lessequal for signal <n0003> created at line 27
    Summary:
	inferred   1 Multiplier(s).
	inferred   2 Adder/Subtractor(s).
	inferred   1 Comparator(s).
	inferred   1 Multiplexer(s).
Unit <alu> synthesized.

=========================================================================
HDL Synthesis Report

Macro Statistics
# RAMs                                                 : 1
 1024x32-bit dual-port RAM                             : 1
# Multipliers                                          : 1
 32x32-bit multiplier                                  : 1
# Adders/Subtractors                                   : 3
 32-bit adder                                          : 2
 32-bit subtractor                                     : 1
# Registers                                            : 9
 1-bit register                                        : 1
 10-bit register                                       : 1
 1024-bit register                                     : 1
 3-bit register                                        : 1
 32-bit register                                       : 4
 5-bit register                                        : 1
# Comparators                                          : 3
 32-bit comparator lessequal                           : 1
 5-bit comparator equal                                : 2
# Multiplexers                                         : 40
 32-bit 2-to-1 multiplexer                             : 36
 32-bit 32-to-1 multiplexer                            : 3
 32-bit 8-to-1 multiplexer                             : 1
# Xors                                                 : 1
 32-bit xor2                                           : 1

=========================================================================

=========================================================================
*                       Advanced HDL Synthesis                          *
=========================================================================


Synthesizing (advanced) Unit <memory>.
INFO:Xst:3226 - The RAM <Mram_memory> will be implemented as a BLOCK RAM, absorbing the following register(s): <addr_r>
    -----------------------------------------------------------------------
    | ram_type           | Block                               |          |
    -----------------------------------------------------------------------
    | Port A                                                              |
    |     aspect ratio   | 1024-word x 32-bit                  |          |
    |     mode           | write-first                         |          |
    |     clkA           | connected to signal <clk>           | rise     |
    |     weA            | connected to signal <GND>           | high     |
    |     addrA          | connected to signal <addr>          |          |
    |     diA            | connected to signal <GND>           |          |
    |     doA            | connected to internal node          |          |
    -----------------------------------------------------------------------
    | optimization       | speed                               |          |
    -----------------------------------------------------------------------
Unit <memory> synthesized (advanced).

Synthesizing (advanced) Unit <pipelined_regfile_3stage>.
The following registers are absorbed into counter <pc/currPC>: 1 register on signal <pc/currPC>.
Unit <pipelined_regfile_3stage> synthesized (advanced).

=========================================================================
Advanced HDL Synthesis Report

Macro Statistics
# RAMs                                                 : 1
 1024x32-bit single-port block RAM                     : 1
# Multipliers                                          : 1
 32x32-bit multiplier                                  : 1
# Adders/Subtractors                                   : 2
 32-bit adder                                          : 1
 32-bit subtractor                                     : 1
# Counters                                             : 1
 32-bit up counter                                     : 1
# Registers                                            : 1129
 Flip-Flops                                            : 1129
# Comparators                                          : 3
 32-bit comparator lessequal                           : 1
 5-bit comparator equal                                : 2
# Multiplexers                                         : 40
 32-bit 2-to-1 multiplexer                             : 36
 32-bit 32-to-1 multiplexer                            : 3
 32-bit 8-to-1 multiplexer                             : 1
# Xors                                                 : 1
 32-bit xor2                                           : 1

=========================================================================

=========================================================================
*                         Low Level Synthesis                           *
=========================================================================
INFO:Xst:2261 - The FF/Latch <imm_out_11> in Unit <ID_EXE_stage> is equivalent to the following FF/Latch, which will be removed : <waddr_out_0> 
INFO:Xst:2261 - The FF/Latch <imm_out_12> in Unit <ID_EXE_stage> is equivalent to the following FF/Latch, which will be removed : <waddr_out_1> 
INFO:Xst:2261 - The FF/Latch <imm_out_13> in Unit <ID_EXE_stage> is equivalent to the following FF/Latch, which will be removed : <waddr_out_2> 
INFO:Xst:2261 - The FF/Latch <imm_out_14> in Unit <ID_EXE_stage> is equivalent to the following FF/Latch, which will be removed : <waddr_out_3> 
INFO:Xst:2261 - The FF/Latch <imm_out_15> in Unit <ID_EXE_stage> is equivalent to the following 17 FFs/Latches, which will be removed : <imm_out_16> <imm_out_17> <imm_out_18> <imm_out_19> <imm_out_20> <imm_out_21> <imm_out_22> <imm_out_23> <imm_out_24> <imm_out_25> <imm_out_26> <imm_out_27> <imm_out_28> <imm_out_29> <imm_out_30> <imm_out_31> <waddr_out_4> 
WARNING:Xst:2677 - Node <Mmult_n00153> of sequential type is unconnected in block <alu>.

Optimizing unit <ID_EXE_stage> ...

Optimizing unit <pipelined_regfile_3stage> ...

Optimizing unit <regfile> ...

Optimizing unit <alu> ...

Mapping all equations...
Building and optimizing final netlist ...
Found area constraint ratio of 100 (+ 5) on block pipelined_regfile_3stage, actual ratio is 133.
Optimizing block <pipelined_regfile_3stage> to meet ratio 100 (+ 5) of 600 slices :
WARNING:Xst:2254 - Area constraint could not be met for block <pipelined_regfile_3stage>, final ratio is 135.
FlipFlop PIPE1/alusrc_out has been replicated 1 time(s)
FlipFlop PIPE1/imm_out_11 has been replicated 1 time(s)
FlipFlop PIPE1/imm_out_12 has been replicated 1 time(s)
FlipFlop PIPE1/imm_out_13 has been replicated 1 time(s)
FlipFlop PIPE1/imm_out_14 has been replicated 1 time(s)
FlipFlop PIPE1/imm_out_15 has been replicated 1 time(s)

Final Macro Processing ...

=========================================================================
Final Register Report

Macro Statistics
# Registers                                            : 1146
 Flip-Flops                                            : 1146

=========================================================================

=========================================================================
*                           Partition Report                            *
=========================================================================

Partition Implementation Status
-------------------------------

  No Partitions were found in this design.

-------------------------------

=========================================================================
*                            Design Summary                             *
=========================================================================

Top Level Output File Name         : pipelined_regfile_3stage.ngc

Primitive and Black Box Usage:
------------------------------
# BELS                             : 2642
#      GND                         : 1
#      INV                         : 1
#      LUT1                        : 31
#      LUT3                        : 96
#      LUT4                        : 94
#      LUT5                        : 1058
#      LUT6                        : 1059
#      MUXCY                       : 108
#      MUXF7                       : 97
#      VCC                         : 1
#      XORCY                       : 96
# FlipFlops/Latches                : 1146
#      FDR                         : 1143
#      FDS                         : 3
# RAMS                             : 2
#      RAMB16BWER                  : 2
# Clock Buffers                    : 1
#      BUFGP                       : 1
# IO Buffers                       : 298
#      IBUF                        : 1
#      OBUF                        : 297
# DSPs                             : 3
#      DSP48A1                     : 3

Device utilization summary:
---------------------------

Selected Device : 6slx4csg225-3 


Slice Logic Utilization: 
 Number of Slice Registers:            1146  out of   4800    23%  
 Number of Slice LUTs:                 2339  out of   2400    97%  
    Number used as Logic:              2339  out of   2400    97%  

Slice Logic Distribution: 
 Number of LUT Flip Flop pairs used:   2381
   Number with an unused Flip Flop:    1235  out of   2381    51%  
   Number with an unused LUT:            42  out of   2381     1%  
   Number of fully used LUT-FF pairs:  1104  out of   2381    46%  
   Number of unique control sets:         1

IO Utilization: 
 Number of IOs:                         300
 Number of bonded IOBs:                 299  out of    132   226% (*) 

Specific Feature Utilization:
 Number of Block RAM/FIFO:                2  out of     12    16%  
    Number using Block RAM only:          2
 Number of BUFG/BUFGCTRLs:                1  out of     16     6%  
 Number of DSP48A1s:                      3  out of      8    37%  

WARNING:Xst:1336 -  (*) More than 100% of Device resources are used

---------------------------
Partition Resource Summary:
---------------------------

  No Partitions were found in this design.

---------------------------


=========================================================================
Timing Report

NOTE: THESE TIMING NUMBERS ARE ONLY A SYNTHESIS ESTIMATE.
      FOR ACCURATE TIMING INFORMATION PLEASE REFER TO THE TRACE REPORT
      GENERATED AFTER PLACE-and-ROUTE.

Clock Information:
------------------
-----------------------------------+------------------------+-------+
Clock Signal                       | Clock buffer(FF name)  | Load  |
-----------------------------------+------------------------+-------+
clk                                | BUFGP                  | 1151  |
-----------------------------------+------------------------+-------+

Asynchronous Control Signals Information:
----------------------------------------
No asynchronous control signals found in this design

Timing Summary:
---------------
Speed Grade: -3

   Minimum period: 15.230ns (Maximum Frequency: 65.660MHz)
   Minimum input arrival time before clock: 3.894ns
   Maximum output required time after clock: 18.088ns
   Maximum combinational path delay: No path found

Timing Details:
---------------
All values displayed in nanoseconds (ns)

=========================================================================
Timing constraint: Default period analysis for Clock 'clk'
  Clock period: 15.230ns (frequency: 65.660MHz)
  Total number of paths / destination ports: 63350560 / 1215
-------------------------------------------------------------------------
Delay:               15.230ns (Levels of Logic = 6)
  Source:            PIPE1/alusrc_out_1 (FF)
  Destination:       ALU0/Mmult_n00151 (DSP)
  Source Clock:      clk rising
  Destination Clock: clk rising

  Data Path: PIPE1/alusrc_out_1 to ALU0/Mmult_n00151
                                Gate     Net
    Cell:in->out      fanout   Delay   Delay  Logical Name (Net Name)
    ----------------------------------------  ------------
     FDR:C->Q             17   0.447   1.028  PIPE1/alusrc_out_1 (PIPE1/alusrc_out_1)
     LUT3:I2->O            5   0.205   0.714  Mmux_rdata2_imm_ID_EXE321 (rdata2_imm_ID_EXE_9_OBUF)
     DSP48A1:B9->P47      18   4.394   1.049  ALU0/Mmult_n0015 (ALU0/Mmult_n0015_P47_to_Mmult_n00151)
     DSP48A1:C30->PCOUT47    1   2.689   0.000  ALU0/Mmult_n00151 (ALU0/Mmult_n00151_PCOUT_to_Mmult_n00152_PCIN_47)
     DSP48A1:PCIN47->P14    3   2.264   0.651  ALU0/Mmult_n00152 (ALU0/n0015<31>)
     LUT6:I5->O            1   0.205   0.580  ALU0/Mmux_out252_1 (ALU0/Mmux_out252)
     LUT3:I2->O            3   0.205   0.650  RF0/Mmux_rdata1251 (rdata1_31_OBUF)
     DSP48A1:A14               0.149          ALU0/Mmult_n00151
    ----------------------------------------
    Total                     15.230ns (10.558ns logic, 4.672ns route)
                                       (69.3% logic, 30.7% route)

=========================================================================
Timing constraint: Default OFFSET IN BEFORE for Clock 'clk'
  Total number of paths / destination ports: 1149 / 1149
-------------------------------------------------------------------------
Offset:              3.894ns (Levels of Logic = 1)
  Source:            rst (PAD)
  Destination:       pc/currPC_0 (FF)
  Destination Clock: clk rising

  Data Path: rst to pc/currPC_0
                                Gate     Net
    Cell:in->out      fanout   Delay   Delay  Logical Name (Net Name)
    ----------------------------------------  ------------
     IBUF:I->O          1149   1.222   2.242  rst_IBUF (rst_IBUF)
     FDR:R                     0.430          pc/currPC_0
    ----------------------------------------
    Total                      3.894ns (1.652ns logic, 2.242ns route)
                                       (42.4% logic, 57.6% route)

=========================================================================
Timing constraint: Default OFFSET OUT AFTER for Clock 'clk'
  Total number of paths / destination ports: 5428003 / 297
-------------------------------------------------------------------------
Offset:              18.088ns (Levels of Logic = 7)
  Source:            PIPE1/alusrc_out_1 (FF)
  Destination:       rdata2<31> (PAD)
  Source Clock:      clk rising

  Data Path: PIPE1/alusrc_out_1 to rdata2<31>
                                Gate     Net
    Cell:in->out      fanout   Delay   Delay  Logical Name (Net Name)
    ----------------------------------------  ------------
     FDR:C->Q             17   0.447   1.028  PIPE1/alusrc_out_1 (PIPE1/alusrc_out_1)
     LUT3:I2->O            5   0.205   0.714  Mmux_rdata2_imm_ID_EXE321 (rdata2_imm_ID_EXE_9_OBUF)
     DSP48A1:B9->P47      18   4.394   1.049  ALU0/Mmult_n0015 (ALU0/Mmult_n0015_P47_to_Mmult_n00151)
     DSP48A1:C30->PCOUT47    1   2.689   0.000  ALU0/Mmult_n00151 (ALU0/Mmult_n00151_PCOUT_to_Mmult_n00152_PCIN_47)
     DSP48A1:PCIN47->P14    3   2.264   0.651  ALU0/Mmult_n00152 (ALU0/n0015<31>)
     LUT6:I5->O           18   0.205   1.050  ALU0/Mmux_out252 (aluout_31_OBUF)
     LUT3:I2->O            2   0.205   0.616  RF0/Mmux_rdata2251 (rdata2_31_OBUF)
     OBUF:I->O                 2.571          rdata2_31_OBUF (rdata2<31>)
    ----------------------------------------
    Total                     18.088ns (12.980ns logic, 5.108ns route)
                                       (71.8% logic, 28.2% route)

=========================================================================

Cross Clock Domains Report:
--------------------------

Clock to Setup on destination clock clk
---------------+---------+---------+---------+---------+
               | Src:Rise| Src:Fall| Src:Rise| Src:Fall|
Source Clock   |Dest:Rise|Dest:Rise|Dest:Fall|Dest:Fall|
---------------+---------+---------+---------+---------+
clk            |   15.230|         |         |         |
---------------+---------+---------+---------+---------+

=========================================================================


Total REAL time to Xst completion: 14.00 secs
Total CPU time to Xst completion: 14.81 secs
 
--> 

Total memory usage is 307064 kilobytes

Number of errors   :    0 (   0 filtered)
Number of warnings :    7 (   0 filtered)
Number of infos    :    6 (   0 filtered)

